SQL> select ename
  2  from emp
  3  union
  4  select job
  5  from emp;

ENAME                                                                                                                                                                                                   
----------                                                                                                                                                                                              
ADAMS                                                                                                                                                                                                   
ALLEN                                                                                                                                                                                                   
ANALYST                                                                                                                                                                                                 
BLAKE                                                                                                                                                                                                   
CLARK                                                                                                                                                                                                   
CLERK                                                                                                                                                                                                   
FORD                                                                                                                                                                                                    
JAMES                                                                                                                                                                                                   
JONES                                                                                                                                                                                                   
KING                                                                                                                                                                                                    
MANAGER                                                                                                                                                                                                 
MARTIN                                                                                                                                                                                                  
MILLER                                                                                                                                                                                                  
PRESIDENT                                                                                                                                                                                               
SALESMAN                                                                                                                                                                                                
SCOTT                                                                                                                                                                                                   
SMITH                                                                                                                                                                                                   
TURNER                                                                                                                                                                                                  
WARD                                                                                                                                                                                                    

19 rows selected.

SQL> select ename,job
  2  from emp;

ENAME      JOB                                                                                                                                                                                          
---------- ---------                                                                                                                                                                                    
SMITH      CLERK                                                                                                                                                                                        
ALLEN      SALESMAN                                                                                                                                                                                     
WARD       SALESMAN                                                                                                                                                                                     
JONES      MANAGER                                                                                                                                                                                      
MARTIN     SALESMAN                                                                                                                                                                                     
BLAKE      MANAGER                                                                                                                                                                                      
CLARK      MANAGER                                                                                                                                                                                      
SCOTT      ANALYST                                                                                                                                                                                      
KING       PRESIDENT                                                                                                                                                                                    
TURNER     SALESMAN                                                                                                                                                                                     
ADAMS      CLERK                                                                                                                                                                                        
JAMES      CLERK                                                                                                                                                                                        
FORD       ANALYST                                                                                                                                                                                      
MILLER     CLERK                                                                                                                                                                                        

14 rows selected.

SQL> select ename
  2  from emp
  3  intersect
  4  select ename
  5  from emp;

ENAME                                                                                                                                                                                                   
----------                                                                                                                                                                                              
ADAMS                                                                                                                                                                                                   
ALLEN                                                                                                                                                                                                   
BLAKE                                                                                                                                                                                                   
CLARK                                                                                                                                                                                                   
FORD                                                                                                                                                                                                    
JAMES                                                                                                                                                                                                   
JONES                                                                                                                                                                                                   
KING                                                                                                                                                                                                    
MARTIN                                                                                                                                                                                                  
MILLER                                                                                                                                                                                                  
SCOTT                                                                                                                                                                                                   
SMITH                                                                                                                                                                                                   
TURNER                                                                                                                                                                                                  
WARD                                                                                                                                                                                                    

14 rows selected.

SQL> select ename,job
  2  from emp
  3  union
  4  select dname
  5  from dept;
select ename,job
*
ERROR at line 1:
ORA-01789: query block has incorrect number of result columns 


SQL> select ename,job
  2  from emp
  3  union
  4  select dname,null
  5  from dept;

ENAME          JOB                                                                                                                                                                                      
-------------- ---------                                                                                                                                                                                
ACCOUNTING                                                                                                                                                                                              
ADAMS          CLERK                                                                                                                                                                                    
ALLEN          SALESMAN                                                                                                                                                                                 
BLAKE          MANAGER                                                                                                                                                                                  
CLARK          MANAGER                                                                                                                                                                                  
FORD           ANALYST                                                                                                                                                                                  
JAMES          CLERK                                                                                                                                                                                    
JONES          MANAGER                                                                                                                                                                                  
KING           PRESIDENT                                                                                                                                                                                
MARTIN         SALESMAN                                                                                                                                                                                 
MILLER         CLERK                                                                                                                                                                                    
OPERATIONS                                                                                                                                                                                              
RESEARCH                                                                                                                                                                                                
SALES                                                                                                                                                                                                   
SCOTT          ANALYST                                                                                                                                                                                  
SMITH          CLERK                                                                                                                                                                                    
TURNER         SALESMAN                                                                                                                                                                                 
WARD           SALESMAN                                                                                                                                                                                 

18 rows selected.

SQL> select ename,job
  2  from emp
  3  union
  4  select ename,job
  5  from emp;

ENAME      JOB                                                                                                                                                                                          
---------- ---------                                                                                                                                                                                    
ADAMS      CLERK                                                                                                                                                                                        
ALLEN      SALESMAN                                                                                                                                                                                     
BLAKE      MANAGER                                                                                                                                                                                      
CLARK      MANAGER                                                                                                                                                                                      
FORD       ANALYST                                                                                                                                                                                      
JAMES      CLERK                                                                                                                                                                                        
JONES      MANAGER                                                                                                                                                                                      
KING       PRESIDENT                                                                                                                                                                                    
MARTIN     SALESMAN                                                                                                                                                                                     
MILLER     CLERK                                                                                                                                                                                        
SCOTT      ANALYST                                                                                                                                                                                      
SMITH      CLERK                                                                                                                                                                                        
TURNER     SALESMAN                                                                                                                                                                                     
WARD       SALESMAN                                                                                                                                                                                     

14 rows selected.

SQL> select ename,job
  2  from emp
  3  union
  4  select ename,null
  5  from emp;

ENAME      JOB                                                                                                                                                                                          
---------- ---------                                                                                                                                                                                    
ADAMS      CLERK                                                                                                                                                                                        
ADAMS                                                                                                                                                                                                   
ALLEN      SALESMAN                                                                                                                                                                                     
ALLEN                                                                                                                                                                                                   
BLAKE      MANAGER                                                                                                                                                                                      
BLAKE                                                                                                                                                                                                   
CLARK      MANAGER                                                                                                                                                                                      
CLARK                                                                                                                                                                                                   
FORD       ANALYST                                                                                                                                                                                      
FORD                                                                                                                                                                                                    
JAMES      CLERK                                                                                                                                                                                        
JAMES                                                                                                                                                                                                   
JONES      MANAGER                                                                                                                                                                                      
JONES                                                                                                                                                                                                   
KING       PRESIDENT                                                                                                                                                                                    
KING                                                                                                                                                                                                    
MARTIN     SALESMAN                                                                                                                                                                                     
MARTIN                                                                                                                                                                                                  
MILLER     CLERK                                                                                                                                                                                        
MILLER                                                                                                                                                                                                  
SCOTT      ANALYST                                                                                                                                                                                      
SCOTT                                                                                                                                                                                                   
SMITH      CLERK                                                                                                                                                                                        
SMITH                                                                                                                                                                                                   
TURNER     SALESMAN                                                                                                                                                                                     
TURNER                                                                                                                                                                                                  
WARD       SALESMAN                                                                                                                                                                                     
WARD                                                                                                                                                                                                    

28 rows selected.

SQL> set lines 200 pages 100;
SQL> /

ENAME      JOB                                                                                                                                                                                          
---------- ---------                                                                                                                                                                                    
ADAMS      CLERK                                                                                                                                                                                        
ADAMS                                                                                                                                                                                                   
ALLEN      SALESMAN                                                                                                                                                                                     
ALLEN                                                                                                                                                                                                   
BLAKE      MANAGER                                                                                                                                                                                      
BLAKE                                                                                                                                                                                                   
CLARK      MANAGER                                                                                                                                                                                      
CLARK                                                                                                                                                                                                   
FORD       ANALYST                                                                                                                                                                                      
FORD                                                                                                                                                                                                    
JAMES      CLERK                                                                                                                                                                                        
JAMES                                                                                                                                                                                                   
JONES      MANAGER                                                                                                                                                                                      
JONES                                                                                                                                                                                                   
KING       PRESIDENT                                                                                                                                                                                    
KING                                                                                                                                                                                                    
MARTIN     SALESMAN                                                                                                                                                                                     
MARTIN                                                                                                                                                                                                  
MILLER     CLERK                                                                                                                                                                                        
MILLER                                                                                                                                                                                                  
SCOTT      ANALYST                                                                                                                                                                                      
SCOTT                                                                                                                                                                                                   
SMITH      CLERK                                                                                                                                                                                        
SMITH                                                                                                                                                                                                   
TURNER     SALESMAN                                                                                                                                                                                     
TURNER                                                                                                                                                                                                  
WARD       SALESMAN                                                                                                                                                                                     
WARD                                                                                                                                                                                                    

28 rows selected.

SQL> /

ENAME      JOB                                                                                                                                                                                          
---------- ---------                                                                                                                                                                                    
ADAMS      CLERK                                                                                                                                                                                        
ADAMS                                                                                                                                                                                                   
ALLEN      SALESMAN                                                                                                                                                                                     
ALLEN                                                                                                                                                                                                   
BLAKE      MANAGER                                                                                                                                                                                      
BLAKE                                                                                                                                                                                                   
CLARK      MANAGER                                                                                                                                                                                      
CLARK                                                                                                                                                                                                   
FORD       ANALYST                                                                                                                                                                                      
FORD                                                                                                                                                                                                    
JAMES      CLERK                                                                                                                                                                                        
JAMES                                                                                                                                                                                                   
JONES      MANAGER                                                                                                                                                                                      
JONES                                                                                                                                                                                                   
KING       PRESIDENT                                                                                                                                                                                    
KING                                                                                                                                                                                                    
MARTIN     SALESMAN                                                                                                                                                                                     
MARTIN                                                                                                                                                                                                  
MILLER     CLERK                                                                                                                                                                                        
MILLER                                                                                                                                                                                                  
SCOTT      ANALYST                                                                                                                                                                                      
SCOTT                                                                                                                                                                                                   
SMITH      CLERK                                                                                                                                                                                        
SMITH                                                                                                                                                                                                   
TURNER     SALESMAN                                                                                                                                                                                     
TURNER                                                                                                                                                                                                  
WARD       SALESMAN                                                                                                                                                                                     
WARD                                                                                                                                                                                                    

28 rows selected.

SQL> /

ENAME      JOB                                                                                                                                                                                          
---------- ---------                                                                                                                                                                                    
ADAMS      CLERK                                                                                                                                                                                        
ADAMS                                                                                                                                                                                                   
ALLEN      SALESMAN                                                                                                                                                                                     
ALLEN                                                                                                                                                                                                   
BLAKE      MANAGER                                                                                                                                                                                      
BLAKE                                                                                                                                                                                                   
CLARK      MANAGER                                                                                                                                                                                      
CLARK                                                                                                                                                                                                   
FORD       ANALYST                                                                                                                                                                                      
FORD                                                                                                                                                                                                    
JAMES      CLERK                                                                                                                                                                                        
JAMES                                                                                                                                                                                                   
JONES      MANAGER                                                                                                                                                                                      
JONES                                                                                                                                                                                                   
KING       PRESIDENT                                                                                                                                                                                    
KING                                                                                                                                                                                                    
MARTIN     SALESMAN                                                                                                                                                                                     
MARTIN                                                                                                                                                                                                  
MILLER     CLERK                                                                                                                                                                                        
MILLER                                                                                                                                                                                                  
SCOTT      ANALYST                                                                                                                                                                                      
SCOTT                                                                                                                                                                                                   
SMITH      CLERK                                                                                                                                                                                        
SMITH                                                                                                                                                                                                   
TURNER     SALESMAN                                                                                                                                                                                     
TURNER                                                                                                                                                                                                  
WARD       SALESMAN                                                                                                                                                                                     
WARD                                                                                                                                                                                                    

28 rows selected.

SQL> /

ENAME      JOB                                                                                                                                                                                          
---------- ---------                                                                                                                                                                                    
ADAMS      CLERK                                                                                                                                                                                        
ADAMS                                                                                                                                                                                                   
ALLEN      SALESMAN                                                                                                                                                                                     
ALLEN                                                                                                                                                                                                   
BLAKE      MANAGER                                                                                                                                                                                      
BLAKE                                                                                                                                                                                                   
CLARK      MANAGER                                                                                                                                                                                      
CLARK                                                                                                                                                                                                   
FORD       ANALYST                                                                                                                                                                                      
FORD                                                                                                                                                                                                    
JAMES      CLERK                                                                                                                                                                                        
JAMES                                                                                                                                                                                                   
JONES      MANAGER                                                                                                                                                                                      
JONES                                                                                                                                                                                                   
KING       PRESIDENT                                                                                                                                                                                    
KING                                                                                                                                                                                                    
MARTIN     SALESMAN                                                                                                                                                                                     
MARTIN                                                                                                                                                                                                  
MILLER     CLERK                                                                                                                                                                                        
MILLER                                                                                                                                                                                                  
SCOTT      ANALYST                                                                                                                                                                                      
SCOTT                                                                                                                                                                                                   
SMITH      CLERK                                                                                                                                                                                        
SMITH                                                                                                                                                                                                   
TURNER     SALESMAN                                                                                                                                                                                     
TURNER                                                                                                                                                                                                  
WARD       SALESMAN                                                                                                                                                                                     
WARD                                                                                                                                                                                                    

28 rows selected.

SQL> /

ENAME      JOB                                                                                                                                                                                          
---------- ---------                                                                                                                                                                                    
ADAMS      CLERK                                                                                                                                                                                        
ADAMS                                                                                                                                                                                                   
ALLEN      SALESMAN                                                                                                                                                                                     
ALLEN                                                                                                                                                                                                   
BLAKE      MANAGER                                                                                                                                                                                      
BLAKE                                                                                                                                                                                                   
CLARK      MANAGER                                                                                                                                                                                      
CLARK                                                                                                                                                                                                   
FORD       ANALYST                                                                                                                                                                                      
FORD                                                                                                                                                                                                    
JAMES      CLERK                                                                                                                                                                                        
JAMES                                                                                                                                                                                                   
JONES      MANAGER                                                                                                                                                                                      
JONES                                                                                                                                                                                                   
KING       PRESIDENT                                                                                                                                                                                    
KING                                                                                                                                                                                                    
MARTIN     SALESMAN                                                                                                                                                                                     
MARTIN                                                                                                                                                                                                  
MILLER     CLERK                                                                                                                                                                                        
MILLER                                                                                                                                                                                                  
SCOTT      ANALYST                                                                                                                                                                                      
SCOTT                                                                                                                                                                                                   
SMITH      CLERK                                                                                                                                                                                        
SMITH                                                                                                                                                                                                   
TURNER     SALESMAN                                                                                                                                                                                     
TURNER                                                                                                                                                                                                  
WARD       SALESMAN                                                                                                                                                                                     
WARD                                                                                                                                                                                                    

28 rows selected.

SQL> /

ENAME      JOB                                                                                                                                                                                          
---------- ---------                                                                                                                                                                                    
ADAMS      CLERK                                                                                                                                                                                        
ADAMS                                                                                                                                                                                                   
ALLEN      SALESMAN                                                                                                                                                                                     
ALLEN                                                                                                                                                                                                   
BLAKE      MANAGER                                                                                                                                                                                      
BLAKE                                                                                                                                                                                                   
CLARK      MANAGER                                                                                                                                                                                      
CLARK                                                                                                                                                                                                   
FORD       ANALYST                                                                                                                                                                                      
FORD                                                                                                                                                                                                    
JAMES      CLERK                                                                                                                                                                                        
JAMES                                                                                                                                                                                                   
JONES      MANAGER                                                                                                                                                                                      
JONES                                                                                                                                                                                                   
KING       PRESIDENT                                                                                                                                                                                    
KING                                                                                                                                                                                                    
MARTIN     SALESMAN                                                                                                                                                                                     
MARTIN                                                                                                                                                                                                  
MILLER     CLERK                                                                                                                                                                                        
MILLER                                                                                                                                                                                                  
SCOTT      ANALYST                                                                                                                                                                                      
SCOTT                                                                                                                                                                                                   
SMITH      CLERK                                                                                                                                                                                        
SMITH                                                                                                                                                                                                   
TURNER     SALESMAN                                                                                                                                                                                     
TURNER                                                                                                                                                                                                  
WARD       SALESMAN                                                                                                                                                                                     
WARD                                                                                                                                                                                                    

28 rows selected.

SQL> /

ENAME      JOB                                                                                                                                                                                          
---------- ---------                                                                                                                                                                                    
ADAMS      CLERK                                                                                                                                                                                        
ADAMS                                                                                                                                                                                                   
ALLEN      SALESMAN                                                                                                                                                                                     
ALLEN                                                                                                                                                                                                   
BLAKE      MANAGER                                                                                                                                                                                      
BLAKE                                                                                                                                                                                                   
CLARK      MANAGER                                                                                                                                                                                      
CLARK                                                                                                                                                                                                   
FORD       ANALYST                                                                                                                                                                                      
FORD                                                                                                                                                                                                    
JAMES      CLERK                                                                                                                                                                                        
JAMES                                                                                                                                                                                                   
JONES      MANAGER                                                                                                                                                                                      
JONES                                                                                                                                                                                                   
KING       PRESIDENT                                                                                                                                                                                    
KING                                                                                                                                                                                                    
MARTIN     SALESMAN                                                                                                                                                                                     
MARTIN                                                                                                                                                                                                  
MILLER     CLERK                                                                                                                                                                                        
MILLER                                                                                                                                                                                                  
SCOTT      ANALYST                                                                                                                                                                                      
SCOTT                                                                                                                                                                                                   
SMITH      CLERK                                                                                                                                                                                        
SMITH                                                                                                                                                                                                   
TURNER     SALESMAN                                                                                                                                                                                     
TURNER                                                                                                                                                                                                  
WARD       SALESMAN                                                                                                                                                                                     
WARD                                                                                                                                                                                                    

28 rows selected.

SQL> /

ENAME      JOB                                                                                                                                                                                          
---------- ---------                                                                                                                                                                                    
ADAMS      CLERK                                                                                                                                                                                        
ADAMS                                                                                                                                                                                                   
ALLEN      SALESMAN                                                                                                                                                                                     
ALLEN                                                                                                                                                                                                   
BLAKE      MANAGER                                                                                                                                                                                      
BLAKE                                                                                                                                                                                                   
CLARK      MANAGER                                                                                                                                                                                      
CLARK                                                                                                                                                                                                   
FORD       ANALYST                                                                                                                                                                                      
FORD                                                                                                                                                                                                    
JAMES      CLERK                                                                                                                                                                                        
JAMES                                                                                                                                                                                                   
JONES      MANAGER                                                                                                                                                                                      
JONES                                                                                                                                                                                                   
KING       PRESIDENT                                                                                                                                                                                    
KING                                                                                                                                                                                                    
MARTIN     SALESMAN                                                                                                                                                                                     
MARTIN                                                                                                                                                                                                  
MILLER     CLERK                                                                                                                                                                                        
MILLER                                                                                                                                                                                                  
SCOTT      ANALYST                                                                                                                                                                                      
SCOTT                                                                                                                                                                                                   
SMITH      CLERK                                                                                                                                                                                        
SMITH                                                                                                                                                                                                   
TURNER     SALESMAN                                                                                                                                                                                     
TURNER                                                                                                                                                                                                  
WARD       SALESMAN                                                                                                                                                                                     
WARD                                                                                                                                                                                                    

28 rows selected.

SQL> /

ENAME      JOB                                                                                                                                                                                          
---------- ---------                                                                                                                                                                                    
ADAMS      CLERK                                                                                                                                                                                        
ADAMS                                                                                                                                                                                                   
ALLEN      SALESMAN                                                                                                                                                                                     
ALLEN                                                                                                                                                                                                   
BLAKE      MANAGER                                                                                                                                                                                      
BLAKE                                                                                                                                                                                                   
CLARK      MANAGER                                                                                                                                                                                      
CLARK                                                                                                                                                                                                   
FORD       ANALYST                                                                                                                                                                                      
FORD                                                                                                                                                                                                    
JAMES      CLERK                                                                                                                                                                                        
JAMES                                                                                                                                                                                                   
JONES      MANAGER                                                                                                                                                                                      
JONES                                                                                                                                                                                                   
KING       PRESIDENT                                                                                                                                                                                    
KING                                                                                                                                                                                                    
MARTIN     SALESMAN                                                                                                                                                                                     
MARTIN                                                                                                                                                                                                  
MILLER     CLERK                                                                                                                                                                                        
MILLER                                                                                                                                                                                                  
SCOTT      ANALYST                                                                                                                                                                                      
SCOTT                                                                                                                                                                                                   
SMITH      CLERK                                                                                                                                                                                        
SMITH                                                                                                                                                                                                   
TURNER     SALESMAN                                                                                                                                                                                     
TURNER                                                                                                                                                                                                  
WARD       SALESMAN                                                                                                                                                                                     
WARD                                                                                                                                                                                                    

28 rows selected.

SQL> /

ENAME      JOB                                                                                                                                                                                          
---------- ---------                                                                                                                                                                                    
ADAMS      CLERK                                                                                                                                                                                        
ADAMS                                                                                                                                                                                                   
ALLEN      SALESMAN                                                                                                                                                                                     
ALLEN                                                                                                                                                                                                   
BLAKE      MANAGER                                                                                                                                                                                      
BLAKE                                                                                                                                                                                                   
CLARK      MANAGER                                                                                                                                                                                      
CLARK                                                                                                                                                                                                   
FORD       ANALYST                                                                                                                                                                                      
FORD                                                                                                                                                                                                    
JAMES      CLERK                                                                                                                                                                                        
JAMES                                                                                                                                                                                                   
JONES      MANAGER                                                                                                                                                                                      
JONES                                                                                                                                                                                                   
KING       PRESIDENT                                                                                                                                                                                    
KING                                                                                                                                                                                                    
MARTIN     SALESMAN                                                                                                                                                                                     
MARTIN                                                                                                                                                                                                  
MILLER     CLERK                                                                                                                                                                                        
MILLER                                                                                                                                                                                                  
SCOTT      ANALYST                                                                                                                                                                                      
SCOTT                                                                                                                                                                                                   
SMITH      CLERK                                                                                                                                                                                        
SMITH                                                                                                                                                                                                   
TURNER     SALESMAN                                                                                                                                                                                     
TURNER                                                                                                                                                                                                  
WARD       SALESMAN                                                                                                                                                                                     
WARD                                                                                                                                                                                                    

28 rows selected.

SQL> //

ENAME      JOB                                                                                                                                                                                          
---------- ---------                                                                                                                                                                                    
ADAMS      CLERK                                                                                                                                                                                        
ADAMS                                                                                                                                                                                                   
ALLEN      SALESMAN                                                                                                                                                                                     
ALLEN                                                                                                                                                                                                   
BLAKE      MANAGER                                                                                                                                                                                      
BLAKE                                                                                                                                                                                                   
CLARK      MANAGER                                                                                                                                                                                      
CLARK                                                                                                                                                                                                   
FORD       ANALYST                                                                                                                                                                                      
FORD                                                                                                                                                                                                    
JAMES      CLERK                                                                                                                                                                                        
JAMES                                                                                                                                                                                                   
JONES      MANAGER                                                                                                                                                                                      
JONES                                                                                                                                                                                                   
KING       PRESIDENT                                                                                                                                                                                    
KING                                                                                                                                                                                                    
MARTIN     SALESMAN                                                                                                                                                                                     
MARTIN                                                                                                                                                                                                  
MILLER     CLERK                                                                                                                                                                                        
MILLER                                                                                                                                                                                                  
SCOTT      ANALYST                                                                                                                                                                                      
SCOTT                                                                                                                                                                                                   
SMITH      CLERK                                                                                                                                                                                        
SMITH                                                                                                                                                                                                   
TURNER     SALESMAN                                                                                                                                                                                     
TURNER                                                                                                                                                                                                  
WARD       SALESMAN                                                                                                                                                                                     
WARD                                                                                                                                                                                                    

28 rows selected.

SQL> /

ENAME      JOB                                                                                                                                                                                          
---------- ---------                                                                                                                                                                                    
ADAMS      CLERK                                                                                                                                                                                        
ADAMS                                                                                                                                                                                                   
ALLEN      SALESMAN                                                                                                                                                                                     
ALLEN                                                                                                                                                                                                   
BLAKE      MANAGER                                                                                                                                                                                      
BLAKE                                                                                                                                                                                                   
CLARK      MANAGER                                                                                                                                                                                      
CLARK                                                                                                                                                                                                   
FORD       ANALYST                                                                                                                                                                                      
FORD                                                                                                                                                                                                    
JAMES      CLERK                                                                                                                                                                                        
JAMES                                                                                                                                                                                                   
JONES      MANAGER                                                                                                                                                                                      
JONES                                                                                                                                                                                                   
KING       PRESIDENT                                                                                                                                                                                    
KING                                                                                                                                                                                                    
MARTIN     SALESMAN                                                                                                                                                                                     
MARTIN                                                                                                                                                                                                  
MILLER     CLERK                                                                                                                                                                                        
MILLER                                                                                                                                                                                                  
SCOTT      ANALYST                                                                                                                                                                                      
SCOTT                                                                                                                                                                                                   
SMITH      CLERK                                                                                                                                                                                        
SMITH                                                                                                                                                                                                   
TURNER     SALESMAN                                                                                                                                                                                     
TURNER                                                                                                                                                                                                  
WARD       SALESMAN                                                                                                                                                                                     
WARD                                                                                                                                                                                                    

28 rows selected.

SQL> /

ENAME      JOB                                                                                                                                                                                          
---------- ---------                                                                                                                                                                                    
ADAMS      CLERK                                                                                                                                                                                        
ADAMS                                                                                                                                                                                                   
ALLEN      SALESMAN                                                                                                                                                                                     
ALLEN                                                                                                                                                                                                   
BLAKE      MANAGER                                                                                                                                                                                      
BLAKE                                                                                                                                                                                                   
CLARK      MANAGER                                                                                                                                                                                      
CLARK                                                                                                                                                                                                   
FORD       ANALYST                                                                                                                                                                                      
FORD                                                                                                                                                                                                    
JAMES      CLERK                                                                                                                                                                                        
JAMES                                                                                                                                                                                                   
JONES      MANAGER                                                                                                                                                                                      
JONES                                                                                                                                                                                                   
KING       PRESIDENT                                                                                                                                                                                    
KING                                                                                                                                                                                                    
MARTIN     SALESMAN                                                                                                                                                                                     
MARTIN                                                                                                                                                                                                  
MILLER     CLERK                                                                                                                                                                                        
MILLER                                                                                                                                                                                                  
SCOTT      ANALYST                                                                                                                                                                                      
SCOTT                                                                                                                                                                                                   
SMITH      CLERK                                                                                                                                                                                        
SMITH                                                                                                                                                                                                   
TURNER     SALESMAN                                                                                                                                                                                     
TURNER                                                                                                                                                                                                  
WARD       SALESMAN                                                                                                                                                                                     
WARD                                                                                                                                                                                                    

28 rows selected.

SQL> /

ENAME      JOB                                                                                                                                                                                          
---------- ---------                                                                                                                                                                                    
ADAMS      CLERK                                                                                                                                                                                        
ADAMS                                                                                                                                                                                                   
ALLEN      SALESMAN                                                                                                                                                                                     
ALLEN                                                                                                                                                                                                   
BLAKE      MANAGER                                                                                                                                                                                      
BLAKE                                                                                                                                                                                                   
CLARK      MANAGER                                                                                                                                                                                      
CLARK                                                                                                                                                                                                   
FORD       ANALYST                                                                                                                                                                                      
FORD                                                                                                                                                                                                    
JAMES      CLERK                                                                                                                                                                                        
JAMES                                                                                                                                                                                                   
JONES      MANAGER                                                                                                                                                                                      
JONES                                                                                                                                                                                                   
KING       PRESIDENT                                                                                                                                                                                    
KING                                                                                                                                                                                                    
MARTIN     SALESMAN                                                                                                                                                                                     
MARTIN                                                                                                                                                                                                  
MILLER     CLERK                                                                                                                                                                                        
MILLER                                                                                                                                                                                                  
SCOTT      ANALYST                                                                                                                                                                                      
SCOTT                                                                                                                                                                                                   
SMITH      CLERK                                                                                                                                                                                        
SMITH                                                                                                                                                                                                   
TURNER     SALESMAN                                                                                                                                                                                     
TURNER                                                                                                                                                                                                  
WARD       SALESMAN                                                                                                                                                                                     
WARD                                                                                                                                                                                                    

28 rows selected.

SQL> /

ENAME      JOB                                                                                                                                                                                          
---------- ---------                                                                                                                                                                                    
ADAMS      CLERK                                                                                                                                                                                        
ADAMS                                                                                                                                                                                                   
ALLEN      SALESMAN                                                                                                                                                                                     
ALLEN                                                                                                                                                                                                   
BLAKE      MANAGER                                                                                                                                                                                      
BLAKE                                                                                                                                                                                                   
CLARK      MANAGER                                                                                                                                                                                      
CLARK                                                                                                                                                                                                   
FORD       ANALYST                                                                                                                                                                                      
FORD                                                                                                                                                                                                    
JAMES      CLERK                                                                                                                                                                                        
JAMES                                                                                                                                                                                                   
JONES      MANAGER                                                                                                                                                                                      
JONES                                                                                                                                                                                                   
KING       PRESIDENT                                                                                                                                                                                    
KING                                                                                                                                                                                                    
MARTIN     SALESMAN                                                                                                                                                                                     
MARTIN                                                                                                                                                                                                  
MILLER     CLERK                                                                                                                                                                                        
MILLER                                                                                                                                                                                                  
SCOTT      ANALYST                                                                                                                                                                                      
SCOTT                                                                                                                                                                                                   
SMITH      CLERK                                                                                                                                                                                        
SMITH                                                                                                                                                                                                   
TURNER     SALESMAN                                                                                                                                                                                     
TURNER                                                                                                                                                                                                  
WARD       SALESMAN                                                                                                                                                                                     
WARD                                                                                                                                                                                                    

28 rows selected.

SQL> /

ENAME      JOB                                                                                                                                                                                          
---------- ---------                                                                                                                                                                                    
ADAMS      CLERK                                                                                                                                                                                        
ADAMS                                                                                                                                                                                                   
ALLEN      SALESMAN                                                                                                                                                                                     
ALLEN                                                                                                                                                                                                   
BLAKE      MANAGER                                                                                                                                                                                      
BLAKE                                                                                                                                                                                                   
CLARK      MANAGER                                                                                                                                                                                      
CLARK                                                                                                                                                                                                   
FORD       ANALYST                                                                                                                                                                                      
FORD                                                                                                                                                                                                    
JAMES      CLERK                                                                                                                                                                                        
JAMES                                                                                                                                                                                                   
JONES      MANAGER                                                                                                                                                                                      
JONES                                                                                                                                                                                                   
KING       PRESIDENT                                                                                                                                                                                    
KING                                                                                                                                                                                                    
MARTIN     SALESMAN                                                                                                                                                                                     
MARTIN                                                                                                                                                                                                  
MILLER     CLERK                                                                                                                                                                                        
MILLER                                                                                                                                                                                                  
SCOTT      ANALYST                                                                                                                                                                                      
SCOTT                                                                                                                                                                                                   
SMITH      CLERK                                                                                                                                                                                        
SMITH                                                                                                                                                                                                   
TURNER     SALESMAN                                                                                                                                                                                     
TURNER                                                                                                                                                                                                  
WARD       SALESMAN                                                                                                                                                                                     
WARD                                                                                                                                                                                                    

28 rows selected.

SQL> /

ENAME      JOB                                                                                                                                                                                          
---------- ---------                                                                                                                                                                                    
ADAMS      CLERK                                                                                                                                                                                        
ADAMS                                                                                                                                                                                                   
ALLEN      SALESMAN                                                                                                                                                                                     
ALLEN                                                                                                                                                                                                   
BLAKE      MANAGER                                                                                                                                                                                      
BLAKE                                                                                                                                                                                                   
CLARK      MANAGER                                                                                                                                                                                      
CLARK                                                                                                                                                                                                   
FORD       ANALYST                                                                                                                                                                                      
FORD                                                                                                                                                                                                    
JAMES      CLERK                                                                                                                                                                                        
JAMES                                                                                                                                                                                                   
JONES      MANAGER                                                                                                                                                                                      
JONES                                                                                                                                                                                                   
KING       PRESIDENT                                                                                                                                                                                    
KING                                                                                                                                                                                                    
MARTIN     SALESMAN                                                                                                                                                                                     
MARTIN                                                                                                                                                                                                  
MILLER     CLERK                                                                                                                                                                                        
MILLER                                                                                                                                                                                                  
SCOTT      ANALYST                                                                                                                                                                                      
SCOTT                                                                                                                                                                                                   
SMITH      CLERK                                                                                                                                                                                        
SMITH                                                                                                                                                                                                   
TURNER     SALESMAN                                                                                                                                                                                     
TURNER                                                                                                                                                                                                  
WARD       SALESMAN                                                                                                                                                                                     
WARD                                                                                                                                                                                                    

28 rows selected.

SQL> /

ENAME      JOB                                                                                                                                                                                          
---------- ---------                                                                                                                                                                                    
ADAMS      CLERK                                                                                                                                                                                        
ADAMS                                                                                                                                                                                                   
ALLEN      SALESMAN                                                                                                                                                                                     
ALLEN                                                                                                                                                                                                   
BLAKE      MANAGER                                                                                                                                                                                      
BLAKE                                                                                                                                                                                                   
CLARK      MANAGER                                                                                                                                                                                      
CLARK                                                                                                                                                                                                   
FORD       ANALYST                                                                                                                                                                                      
FORD                                                                                                                                                                                                    
JAMES      CLERK                                                                                                                                                                                        
JAMES                                                                                                                                                                                                   
JONES      MANAGER                                                                                                                                                                                      
JONES                                                                                                                                                                                                   
KING       PRESIDENT                                                                                                                                                                                    
KING                                                                                                                                                                                                    
MARTIN     SALESMAN                                                                                                                                                                                     
MARTIN                                                                                                                                                                                                  
MILLER     CLERK                                                                                                                                                                                        
MILLER                                                                                                                                                                                                  
SCOTT      ANALYST                                                                                                                                                                                      
SCOTT                                                                                                                                                                                                   
SMITH      CLERK                                                                                                                                                                                        
SMITH                                                                                                                                                                                                   
TURNER     SALESMAN                                                                                                                                                                                     
TURNER                                                                                                                                                                                                  
WARD       SALESMAN                                                                                                                                                                                     
WARD                                                                                                                                                                                                    

28 rows selected.

SQL> clear screen;
SQL> select * from emp union select * from emp;

     EMPNO ENAME      JOB              MGR HIREDATE         SAL       COMM     DEPTNO                                                                                                                   
---------- ---------- --------- ---------- --------- ---------- ---------- ----------                                                                                                                   
      7369 SMITH      CLERK           7902 17-DEC-80        800                    20                                                                                                                   
      7499 ALLEN      SALESMAN        7698 20-FEB-81       1600        300         30                                                                                                                   
      7521 WARD       SALESMAN        7698 22-FEB-81       1250        500         30                                                                                                                   
      7566 JONES      MANAGER         7839 02-APR-81       2975                    20                                                                                                                   
      7654 MARTIN     SALESMAN        7698 28-SEP-81       1250       1400         30                                                                                                                   
      7698 BLAKE      MANAGER         7839 01-MAY-81       2850                    30                                                                                                                   
      7782 CLARK      MANAGER         7839 09-JUN-81       2450                    10                                                                                                                   
      7788 SCOTT      ANALYST         7566 19-APR-87       3000                    20                                                                                                                   
      7839 KING       PRESIDENT            17-NOV-81       5000                    10                                                                                                                   
      7844 TURNER     SALESMAN        7698 08-SEP-81       1500          0         30                                                                                                                   
      7876 ADAMS      CLERK           7788 23-MAY-87       1100                    20                                                                                                                   
      7900 JAMES      CLERK           7698 03-DEC-81        950                    30                                                                                                                   
      7902 FORD       ANALYST         7566 03-DEC-81       3000                    20                                                                                                                   
      7934 MILLER     CLERK           7782 23-JAN-82       1300                    10                                                                                                                   

14 rows selected.

SQL> select * from emp union select * from dept;
select * from emp union select * from dept
*
ERROR at line 1:
ORA-01789: query block has incorrect number of result columns 


SQL> select ename from emp minus select dname from dept;

ENAME                                                                                                                                                                                                   
--------------                                                                                                                                                                                          
ADAMS                                                                                                                                                                                                   
ALLEN                                                                                                                                                                                                   
BLAKE                                                                                                                                                                                                   
CLARK                                                                                                                                                                                                   
FORD                                                                                                                                                                                                    
JAMES                                                                                                                                                                                                   
JONES                                                                                                                                                                                                   
KING                                                                                                                                                                                                    
MARTIN                                                                                                                                                                                                  
MILLER                                                                                                                                                                                                  
SCOTT                                                                                                                                                                                                   
SMITH                                                                                                                                                                                                   
TURNER                                                                                                                                                                                                  
WARD                                                                                                                                                                                                    

14 rows selected.

SQL> select ename
  2  from emp
  3  minus select ename
  4  from emp
  5  where sal>2000;

ENAME                                                                                                                                                                                                   
----------                                                                                                                                                                                              
ADAMS                                                                                                                                                                                                   
ALLEN                                                                                                                                                                                                   
JAMES                                                                                                                                                                                                   
MARTIN                                                                                                                                                                                                  
MILLER                                                                                                                                                                                                  
SMITH                                                                                                                                                                                                   
TURNER                                                                                                                                                                                                  
WARD                                                                                                                                                                                                    

8 rows selected.

SQL> select ename
  2  from emp
  3  minus
  4  select ename
  5  from emp
  6  where sal<2000;

ENAME                                                                                                                                                                                                   
----------                                                                                                                                                                                              
BLAKE                                                                                                                                                                                                   
CLARK                                                                                                                                                                                                   
FORD                                                                                                                                                                                                    
JONES                                                                                                                                                                                                   
KING                                                                                                                                                                                                    
SCOTT                                                                                                                                                                                                   

6 rows selected.

SQL> select ename
  2  from emp
  3  intersect
  4  select ename
  5  from emp
  6  where sal>2000;

ENAME                                                                                                                                                                                                   
----------                                                                                                                                                                                              
BLAKE                                                                                                                                                                                                   
CLARK                                                                                                                                                                                                   
FORD                                                                                                                                                                                                    
JONES                                                                                                                                                                                                   
KING                                                                                                                                                                                                    
SCOTT                                                                                                                                                                                                   

6 rows selected.

SQL> 
SQL> /*
SQL> a={1,2,4,5} b={3,6}
SQL> aUnionb={1,2,3,4,5,6}
SQL> */
SQL> 
SQL> /* i am learning sql from pramod sir at qspiders kolkata branch sectorv salt lake city
SQL> */
SQL> 
SQL> clear screen;
SQL> 
SQL> 
SQL> 
SQL> 
SQL> clear ;
SQL> clear screen;
SQL> --CONCEPT ABOUT JOINS ONLY
SQL> 
